---
source: integration_tests/src/cnft_tests.rs
assertion_line: 1140
expression: asset
---
{
  "interface": "V1_NFT",
  "id": "AmV5tqeSncCzdMVQPFVBz9q1Jh6VgCv6WDBAMwKGgBsh",
  "content": {
    "$schema": "https://schema.metaplex.com/nft1.0.json",
    "json_uri": "https://example.com/my-nft.json",
    "files": [],
    "metadata": {
      "name": "My NFT",
      "symbol": "",
      "token_standard": "NonFungible"
    },
    "links": {}
  },
  "authorities": [
    {
      "address": "8sAdBwLXtD8ntDyDzdSVCYJZty9bAjiRqUQnLVp7T1i",
      "scopes": [
        "full"
      ]
    }
  ],
  "compression": {
    "eligible": false,
    "compressed": true,
    "data_hash": "95srNTfBqqEAL91QnsnGuMX7Z73Uc5u1qE1YW5PkVqZz",
    "creator_hash": "8uvAPmjJcKoY9NFJGH9aYxi72UfziwRyA5yVWfdPeiSa",
    "collection_hash": "3mG2ogUZaUxX7TKRbDNDUPnesYghsd87YFAduqs4TETk",
    "asset_data_hash": "EKDHSGbrGztomDfuiV4iqiZ6LschDJPsFiXjZ83f92Md",
    "flags": 0,
    "asset_hash": "3pSmF22rpxaFc52z43CKLvo2rDnPs9maUK5aVAgTusrP",
    "tree": "13RQ9biQKF12DUF7QcSb58eT8ca3E1VdVtpg4VEi5gk",
    "seq": 3,
    "leaf_id": 0
  },
  "grouping": [],
  "royalty": {
    "royalty_model": "creators",
    "target": null,
    "percent": 0.05,
    "basis_points": 500,
    "primary_sale_happened": false,
    "locked": false
  },
  "creators": [
    {
      "address": "D6zeeLdhW5ddzvh82G8gsAsJPSJUc9DjVukMqrst12WM",
      "share": 60,
      "verified": true
    },
    {
      "address": "DxaxaKe6Hsf9CbKGn54Cp4cLDR7wrpmcnvdWBY1cMBS6",
      "share": 40,
      "verified": true
    }
  ],
  "ownership": {
    "frozen": false,
    "non_transferable": false,
    "delegated": false,
    "delegate": null,
    "ownership_model": "single",
    "owner": "9UsGCCSnrnAK2CUGy5aU6zBge5m8PMzVxyXoWSfDwn8U"
  },
  "supply": {
    "print_max_supply": 0,
    "print_current_supply": 0,
    "edition_nonce": null
  },
  "mutable": true,
  "burnt": false
}
