---
source: integration_tests/src/regular_nft_tests.rs
assertion_line: 266
expression: response
snapshot_kind: text
---
{
  "total": 3,
  "limit": 500,
  "page": 1,
  "items": [
    {
      "interface": "Custom",
      "id": "HxhWkVpk5NS4Ltg5nij2G671CKXFRKPK8vy271Ub4uEK",
      "content": {
        "$schema": "https://schema.metaplex.com/nft1.0.json",
        "json_uri": "",
        "files": [],
        "metadata": {
          "name": "Hxro (Wormhole)",
          "symbol": "HXRO"
        },
        "links": {}
      },
      "authorities": [
        {
          "address": "BCD75RNBHrJJpW4dXVagL5mPjzRLnVZq4YirJdjEYMV7",
          "scopes": [
            "full"
          ]
        }
      ],
      "compression": {
        "eligible": false,
        "compressed": false,
        "data_hash": "",
        "creator_hash": "",
        "asset_hash": "",
        "tree": "",
        "seq": 0,
        "leaf_id": 0
      },
      "grouping": [],
      "royalty": {
        "royalty_model": "creators",
        "target": null,
        "percent": 0.0,
        "basis_points": 0,
        "primary_sale_happened": false,
        "locked": false
      },
      "creators": [],
      "ownership": {
        "frozen": false,
        "delegated": false,
        "delegate": null,
        "ownership_model": "token",
        "owner": "3VvLDXqJbw3heyRwFxv8MmurPznmDVUJS9gPMX2BDqfM"
      },
      "supply": {
        "print_max_supply": 0,
        "print_current_supply": 0,
        "edition_nonce": 252
      },
      "mutable": true,
      "burnt": false,
      "lamports": 5616720,
      "executable": false,
      "metadata_owner": "metaqbxxUerdq28cj1RbAWkYQm3ybzjb6a8bt518x1s",
      "rent_epoch": 18446744073709551615,
      "token_info": {
        "balance": 0,
        "supply": 69421234056477841,
        "decimals": 8,
        "token_program": "TokenkegQfeZyiNwAJbNbGKPFXCWuBvf9Ss623VQ5DA",
        "associated_token_address": "94eSnb5qBWTvxj3gqP6Ukq8bPhRTNNVZrE7zR5yTZd9E",
        "mint_authority": "BCD75RNBHrJJpW4dXVagL5mPjzRLnVZq4YirJdjEYMV7"
      }
    },
    {
      "interface": "V1_NFT",
      "id": "BFjgKzLNKZEbZoDrESi79ai8jXgyBth1HXCJPXBGs8sj",
      "content": {
        "$schema": "https://schema.metaplex.com/nft1.0.json",
        "json_uri": "",
        "files": [],
        "metadata": {
          "name": "Degen Ape",
          "symbol": "DAPE",
          "token_standard": "NonFungible"
        },
        "links": {}
      },
      "authorities": [
        {
          "address": "3VvLDXqJbw3heyRwFxv8MmurPznmDVUJS9gPMX2BDqfM",
          "scopes": [
            "full"
          ]
        }
      ],
      "compression": {
        "eligible": false,
        "compressed": false,
        "data_hash": "",
        "creator_hash": "",
        "asset_hash": "",
        "tree": "",
        "seq": 0,
        "leaf_id": 0
      },
      "grouping": [],
      "royalty": {
        "royalty_model": "creators",
        "target": null,
        "percent": 0.0,
        "basis_points": 0,
        "primary_sale_happened": false,
        "locked": false
      },
      "creators": [],
      "ownership": {
        "frozen": false,
        "delegated": false,
        "delegate": null,
        "ownership_model": "single",
        "owner": "3VvLDXqJbw3heyRwFxv8MmurPznmDVUJS9gPMX2BDqfM"
      },
      "supply": {
        "print_max_supply": 0,
        "print_current_supply": 0,
        "edition_nonce": 255
      },
      "mutable": true,
      "burnt": false,
      "lamports": 5616720,
      "executable": false,
      "metadata_owner": "metaqbxxUerdq28cj1RbAWkYQm3ybzjb6a8bt518x1s",
      "rent_epoch": 18446744073709551615,
      "token_info": {
        "balance": 1,
        "supply": 1,
        "decimals": 0,
        "token_program": "TokenkegQfeZyiNwAJbNbGKPFXCWuBvf9Ss623VQ5DA",
        "associated_token_address": "3oiDhCQMDzxj8NcLfRBCQj3R9mQkE1DnDZfrNbAgruQk",
        "mint_authority": "565tK79EKhQSYybx52awrrFhD4m2ty198rrUBmiqq7xo",
        "freeze_authority": "565tK79EKhQSYybx52awrrFhD4m2ty198rrUBmiqq7xo"
      }
    },
    {
      "interface": "FungibleToken",
      "id": "METAewgxyPbgwsseH8T16a39CQ5VyVxZi9zXiDPY18m",
      "content": {
        "$schema": "https://schema.metaplex.com/nft1.0.json",
        "json_uri": "https://arweave.net/7BzVsHRrEH0ldNOCCM4_E00BiAYuJP_EQiqvcEYz3YY",
        "files": [],
        "metadata": {
          "name": "Metaplex Token",
          "symbol": "MPLX",
          "token_standard": "Fungible"
        },
        "links": {}
      },
      "authorities": [
        {
          "address": "CPqaAMQicq2uhCoxc8SNFNq8iWSHs7j7qdJGyehfUdC6",
          "scopes": [
            "full"
          ]
        }
      ],
      "compression": {
        "eligible": false,
        "compressed": false,
        "data_hash": "",
        "creator_hash": "",
        "asset_hash": "",
        "tree": "",
        "seq": 0,
        "leaf_id": 0
      },
      "grouping": [],
      "royalty": {
        "royalty_model": "creators",
        "target": null,
        "percent": 0.0,
        "basis_points": 0,
        "primary_sale_happened": false,
        "locked": false
      },
      "creators": [],
      "ownership": {
        "frozen": false,
        "delegated": false,
        "delegate": null,
        "ownership_model": "token",
        "owner": "3VvLDXqJbw3heyRwFxv8MmurPznmDVUJS9gPMX2BDqfM"
      },
      "supply": null,
      "mutable": true,
      "burnt": false,
      "lamports": 5616720,
      "executable": false,
      "metadata_owner": "metaqbxxUerdq28cj1RbAWkYQm3ybzjb6a8bt518x1s",
      "rent_epoch": 18446744073709551615,
      "token_info": {
        "balance": 700,
        "supply": 999983233656939,
        "decimals": 6,
        "token_program": "TokenkegQfeZyiNwAJbNbGKPFXCWuBvf9Ss623VQ5DA",
        "associated_token_address": "8Tf7Pj7UnF7KMcsQNUrr3MqYZjvPuRUrPeQRc8Dkr9pA",
        "mint_authority": "BHkk3RTd4Ue6JnqXpa9QHTXbn575ycR8hxVmYx4E254k"
      }
    }
  ]
}
