---
source: integration_tests/src/mpl_core_tests.rs
assertion_line: 683
expression: response
snapshot_kind: text
---
{
  "interface": "MplCoreAsset",
  "id": "39XrhcVGuyq4HwTarxMCwDEMFtPBY5Nctxrvpvpdpe3g",
  "content": {
    "$schema": "https://schema.metaplex.com/nft1.0.json",
    "json_uri": "https://example.com/asset",
    "files": [],
    "metadata": {
      "name": "Test Asset",
      "symbol": ""
    },
    "links": {}
  },
  "authorities": [
    {
      "address": "APrZTeVysBJqAznfLXS71NAzjr2fCVTSF1A66MeErzM7",
      "scopes": [
        "full"
      ]
    }
  ],
  "compression": {
    "eligible": false,
    "compressed": false,
    "data_hash": "",
    "creator_hash": "",
    "asset_hash": "",
    "tree": "",
    "seq": 0,
    "leaf_id": 0
  },
  "grouping": [],
  "royalty": {
    "royalty_model": "creators",
    "target": null,
    "percent": 0.0,
    "basis_points": 0,
    "primary_sale_happened": false,
    "locked": false
  },
  "creators": [],
  "ownership": {
    "frozen": false,
    "delegated": false,
    "delegate": null,
    "ownership_model": "single",
    "owner": "HKwwF4sPVYFPgqEgxth4GZRZjJ9o4E3wA8eu2QM5Vt3H"
  },
  "supply": null,
  "mutable": true,
  "burnt": false,
  "lamports": 3755040,
  "executable": false,
  "rent_epoch": 18446744073709551615,
  "plugins": {},
  "mpl_core_info": {
    "plugins_json_version": 1
  },
  "external_plugins": [
    {
      "data_len": 36,
      "index": 0,
      "offset": 119,
      "authority": {
        "type": "UpdateAuthority",
        "address": null
      },
      "type": "AppData",
      "adapter_config": {
        "data_authority": {
          "type": "UpdateAuthority",
          "address": null
        },
        "schema": "Json"
      },
      "data_offset": 122,
      "data": {
        "message": "Hello",
        "target": "world"
      }
    }
  ]
}
