---
source: integration_tests/src/synchronizer_tests.rs
assertion_line: 183
expression: response
snapshot_kind: text
---
{
  "total": 2,
  "limit": 50,
  "page": 1,
  "items": [
    {
      "interface": "MplCoreAsset",
      "id": "9tsHoBrkSqBW5uMxKZyvxL6m9CCaz1a7sGEg8SuckUj",
      "content": {
        "$schema": "https://schema.metaplex.com/nft1.0.json",
        "json_uri": "https://example.com/asset",
        "files": [],
        "metadata": {
          "name": "Test Asset",
          "symbol": ""
        },
        "links": {}
      },
      "authorities": [
        {
          "address": "APrZTeVysBJqAznfLXS71NAzjr2fCVTSF1A66MeErzM7",
          "scopes": [
            "full"
          ]
        }
      ],
      "compression": {
        "eligible": false,
        "compressed": false,
        "data_hash": "",
        "creator_hash": "",
        "asset_hash": "",
        "tree": "",
        "seq": 0,
        "leaf_id": 0
      },
      "grouping": [
        {
          "group_key": "collection",
          "group_value": "4FFhh184GNqh3LEK8UhMY7KBuCdNvvhU7C23ZKrKnofb",
          "verified": true
        }
      ],
      "royalty": {
        "royalty_model": "creators",
        "target": null,
        "percent": 0.0,
        "basis_points": 0,
        "primary_sale_happened": false,
        "locked": false
      },
      "creators": [],
      "ownership": {
        "frozen": false,
        "delegated": false,
        "delegate": null,
        "ownership_model": "single",
        "owner": "7uScVQiT4vArB88dHrZoeVKWbtsRJmNp9r5Gce5VQpXS"
      },
      "supply": null,
      "mutable": true,
      "burnt": false,
      "lamports": 3156480,
      "executable": false,
      "rent_epoch": 18446744073709551615,
      "plugins": {},
      "mpl_core_info": {
        "plugins_json_version": 1
      },
      "external_plugins": []
    },
    {
      "interface": "V1_NFT",
      "id": "8qbRNh9Q9pcksZVnmQemoh7is2NqsRNTx4jmpv75knC6",
      "content": {
        "$schema": "https://schema.metaplex.com/nft1.0.json",
        "json_uri": "https://arweave.net/zt75zlealvVfW7mFy7VHmr_bs3OJFbZIXiORXSka-I4",
        "files": [],
        "metadata": {
          "name": "Thug",
          "symbol": "TL",
          "token_standard": "NonFungible"
        },
        "links": {}
      },
      "authorities": [
        {
          "address": "3VvLDXqJbw3heyRwFxv8MmurPznmDVUJS9gPMX2BDqfM",
          "scopes": [
            "full"
          ]
        }
      ],
      "compression": {
        "eligible": false,
        "compressed": false,
        "data_hash": "",
        "creator_hash": "",
        "asset_hash": "",
        "tree": "",
        "seq": 0,
        "leaf_id": 0
      },
      "grouping": [],
      "royalty": {
        "royalty_model": "creators",
        "target": null,
        "percent": 0.0,
        "basis_points": 0,
        "primary_sale_happened": false,
        "locked": false
      },
      "creators": [],
      "ownership": {
        "frozen": false,
        "delegated": false,
        "delegate": null,
        "ownership_model": "single",
        "owner": "7uScVQiT4vArB88dHrZoeVKWbtsRJmNp9r5Gce5VQpXS"
      },
      "supply": {
        "print_max_supply": 1000,
        "print_current_supply": 0,
        "edition_nonce": 255
      },
      "mutable": true,
      "burnt": false,
      "lamports": 5616720,
      "executable": false,
      "metadata_owner": "metaqbxxUerdq28cj1RbAWkYQm3ybzjb6a8bt518x1s",
      "rent_epoch": 18446744073709551615,
      "token_info": {
        "supply": 1,
        "decimals": 0,
        "token_program": "TokenkegQfeZyiNwAJbNbGKPFXCWuBvf9Ss623VQ5DA",
        "mint_authority": "HEsxPaf6QFNBaN3LiVQAke99WaFMhT8JC2bWityF7mwZ",
        "freeze_authority": "HEsxPaf6QFNBaN3LiVQAke99WaFMhT8JC2bWityF7mwZ"
      }
    }
  ]
}
