---
source: integration_tests/src/regular_nft_tests.rs
assertion_line: 202
expression: response
snapshot_kind: text
---
{
  "interface": "ProgrammableNFT",
  "id": "J1S9H3QjnRtBbbuD4HjPV6RpRhwuk4zKbxsnCHuTgh9w",
  "content": {
    "$schema": "https://schema.metaplex.com/nft1.0.json",
    "json_uri": "https://madlads-collection.s3.us-west-2.amazonaws.com/_collection.json",
    "files": [],
    "metadata": {
      "name": "Mad Lads",
      "symbol": "MAD",
      "token_standard": "ProgrammableNonFungible"
    },
    "links": {}
  },
  "authorities": [
    {
      "address": "2RtGg6fsFiiF1EQzHqbd66AhW7R5bWeQGpTbv2UMkCdW",
      "scopes": [
        "full"
      ]
    }
  ],
  "compression": {
    "eligible": false,
    "compressed": false,
    "data_hash": "",
    "creator_hash": "",
    "asset_hash": "",
    "tree": "",
    "seq": 0,
    "leaf_id": 0
  },
  "grouping": [],
  "royalty": {
    "royalty_model": "creators",
    "target": null,
    "percent": 0.05,
    "basis_points": 500,
    "primary_sale_happened": false,
    "locked": false
  },
  "creators": [
    {
      "address": "2RtGg6fsFiiF1EQzHqbd66AhW7R5bWeQGpTbv2UMkCdW",
      "share": 100,
      "verified": true
    }
  ],
  "ownership": {
    "frozen": true,
    "delegated": false,
    "delegate": null,
    "ownership_model": "single",
    "owner": "2RtGg6fsFiiF1EQzHqbd66AhW7R5bWeQGpTbv2UMkCdW"
  },
  "supply": null,
  "mutable": true,
  "burnt": false,
  "lamports": 5616720,
  "executable": false,
  "metadata_owner": "metaqbxxUerdq28cj1RbAWkYQm3ybzjb6a8bt518x1s",
  "rent_epoch": 18446744073709551615,
  "token_info": {
    "supply": 1,
    "decimals": 0,
    "token_program": "TokenkegQfeZyiNwAJbNbGKPFXCWuBvf9Ss623VQ5DA",
    "mint_authority": "2G5CotQ6Q87yhZxKUWkwLY6Foi12Q3VFQ6KN4nTLbPSz",
    "freeze_authority": "2G5CotQ6Q87yhZxKUWkwLY6Foi12Q3VFQ6KN4nTLbPSz"
  }
}
