---
source: integration_tests/src/regular_nft_tests.rs
assertion_line: 129
expression: response
snapshot_kind: text
---
{
  "total": 1,
  "limit": 1,
  "page": 1,
  "items": [
    {
      "interface": "ProgrammableNFT",
      "id": "7jFuJ73mBPDdLMvCYxzrpFTD9FeDudRxdXGDALP5Cp2W",
      "content": {
        "$schema": "https://schema.metaplex.com/nft1.0.json",
        "json_uri": "https://nftstorage.link/ipfs/bafybeidbjja4gycfx2ywaicfpdv2czog6qp75zasluknexukidqgnzby3y/5517.json",
        "files": [],
        "metadata": {
          "name": "SMB Gen3 #5518",
          "symbol": "",
          "token_standard": "ProgrammableNonFungible"
        },
        "links": {}
      },
      "authorities": [
        {
          "address": "GfELr1GA9bLmgiMymUm7h8nDkZLG2Ls6txSsANopeVEW",
          "scopes": [
            "full"
          ]
        }
      ],
      "compression": {
        "eligible": false,
        "compressed": false,
        "data_hash": "",
        "creator_hash": "",
        "asset_hash": "",
        "tree": "",
        "seq": 0,
        "leaf_id": 0
      },
      "grouping": [
        {
          "group_key": "collection",
          "group_value": "8Rt3Ayqth4DAiPnW9MDFi63TiQJHmohfTWLMQFHi4KZH",
          "verified": true
        }
      ],
      "royalty": {
        "royalty_model": "creators",
        "target": null,
        "percent": 0.05,
        "basis_points": 500,
        "primary_sale_happened": true,
        "locked": false
      },
      "creators": [
        {
          "address": "HV4Nvm9zHfNA43JYYkjZu8vwqiuE8bfEhwcKFfyQ65o5",
          "share": 0,
          "verified": true
        },
        {
          "address": "smbBn7Votkw2upiVZtX9WgkmC7fNW2QabfVFuPLhu3C",
          "share": 0,
          "verified": false
        },
        {
          "address": "HqqiyJcm3yWPyzwisRKAQa2bJAj14V837yJRGaxwRFaG",
          "share": 100,
          "verified": false
        }
      ],
      "ownership": {
        "frozen": true,
        "delegated": false,
        "delegate": null,
        "ownership_model": "single",
        "owner": "9qUcfdADyrrTSetFjNjF9Ro7LKAqzJkzZV6WKLHfv5MU"
      },
      "supply": {
        "print_max_supply": 0,
        "print_current_supply": 0,
        "edition_nonce": 254
      },
      "mutable": true,
      "burnt": false,
      "lamports": 5616720,
      "executable": false,
      "metadata_owner": "metaqbxxUerdq28cj1RbAWkYQm3ybzjb6a8bt518x1s",
      "rent_epoch": 0,
      "token_info": {
        "supply": 1,
        "decimals": 0,
        "token_program": "TokenkegQfeZyiNwAJbNbGKPFXCWuBvf9Ss623VQ5DA",
        "mint_authority": "8cYUXv8x9ekF2JUQiiheaf6v9NfNt1ZMWmwHG5gTXkgp",
        "freeze_authority": "8cYUXv8x9ekF2JUQiiheaf6v9NfNt1ZMWmwHG5gTXkgp"
      }
    }
  ]
}
