---
source: integration_tests/src/regular_nft_tests.rs
assertion_line: 1351
expression: response
snapshot_kind: text
---
{
  "master_edition_address": "8SHfqzJYABeGfiG1apwiEYt6TvfGQiL1pdwEjvTKsyiZ",
  "supply": 123,
  "max_supply": 10000,
  "editions": [
    {
      "mint": "9yQecKKYSHxez7fFjJkUvkz42TLmkoXzhyZxEf2pw8pz",
      "edition_address": "giWoA4jqHFkodPJgtbRYRcYtiXbsVytnxnEao3QT2gg",
      "edition": 2
    },
    {
      "mint": "7AeRUkukNCpWFtxK2QBZr1PymzPde6qtQYND6CajrE2B",
      "edition_address": "8WiF9TKG5p4YuyzYH2nCFxzpDMTjBeoF628QctSjJj21",
      "edition": 3
    }
  ],
  "total": 2,
  "limit": 100,
  "after": "1"
}
